[pid:16836] 2026-09-22T06:34:42.157652Z  INFO shioaji::api::api_v1::auth::token_login: No cached token available, performing new login
[pid:16836] 2026-09-22T06:34:42.435695Z  INFO shioaji::api: msg receiver error: Closed
[pid:16836] 2026-09-22T06:34:42.435709Z  INFO shioaji::api: P2P receiver closed: Closed
[pid:23204] 2026-09-22T06:34:49.061808Z  INFO shioaji::api::api_v1::auth::token_login: No cached token available, performing new login
[pid:23204] 2026-09-22T06:34:49.403778Z  INFO shioaji::api::api_v1::auth::token_login: Stored new token in slot 1
[pid:23204] 2026-09-22T06:34:49.513813Z  INFO shioaji::contracts_v2::traffic: contract backend response endpoint="contracts_version" regions=Some([TW]) security_types=Some([Stock]) bytes=198
[pid:23204] 2026-09-22T06:34:49.518036Z  INFO shioaji::contracts_v2::traffic: contract disk cache cache="miss_or_stale" block="base" region=TW security_type=STK bytes=0
[pid:23204] 2026-09-22T06:34:49.557967Z  INFO shioaji::contracts_v2::traffic: contract backend response endpoint="contracts_base" region=TW security_type=STK bytes=51582
[pid:23204] 2026-09-22T06:34:49.593282Z  INFO shioaji::contracts_v2::traffic: contract disk cache cache="miss" block="info" region=TW security_type=STK bytes=0
[pid:23204] 2026-09-22T06:34:49.768876Z  INFO shioaji::contracts_v2::traffic: contract backend response endpoint="contracts_info" region=TW security_type=STK shard="" bytes=309857
[pid:23204] 2026-09-22T06:34:50.056962Z  INFO shioaji::api::token_pool: Removed invalid token from slot 1
[pid:23204] 2026-09-22T06:34:50.062209Z  INFO shioaji::api: msg receiver error: Closed
[pid:23204] 2026-09-22T06:34:50.062298Z  INFO shioaji::api: P2P receiver closed: Closed
[pid:15040] 2026-09-22T06:35:16.952638Z  INFO shioaji::api::api_v1::auth::token_login: No cached token available, performing new login
[pid:15040] 2026-09-22T06:35:17.257555Z  INFO shioaji::api::api_v1::auth::token_login: Stored new token in slot 1
[pid:15040] 2026-09-22T06:35:17.318313Z  INFO shioaji::contracts_v2::traffic: contract backend response endpoint="contracts_version" regions=Some([TW]) security_types=Some([Stock]) bytes=198
[pid:15040] 2026-09-22T06:35:17.340291Z  INFO shioaji::contracts_v2::traffic: contract disk cache cache="hit" block="base" region=TW security_type=STK bytes=9333
[pid:15040] 2026-09-22T06:35:17.358433Z  INFO shioaji::contracts_v2::traffic: contract disk cache cache="hit" block="info" region=TW security_type=STK bytes=86629
[pid:15040] 2026-09-22T06:35:18.433717Z  INFO shioaji::api::token_pool: Removed invalid token from slot 1
[pid:15040] 2026-09-22T06:35:18.436821Z  INFO shioaji::api: msg receiver error: Closed
[pid:15040] 2026-09-22T06:35:18.436873Z  INFO shioaji::api: P2P receiver closed: Closed
[pid:20264] 2026-09-22T06:35:48.738033Z  INFO shioaji::api::api_v1::auth::token_login: No cached token available, performing new login
[pid:20264] 2026-09-22T06:35:49.163117Z  INFO shioaji::api::api_v1::auth::token_login: Stored new token in slot 1
[pid:20264] 2026-09-22T06:35:49.236258Z  INFO shioaji::contracts_v2::traffic: contract backend response endpoint="contracts_version" regions=Some([TW]) security_types=Some([Index]) bytes=196
[pid:20264] 2026-09-22T06:35:49.237069Z  INFO shioaji::contracts_v2::traffic: contract disk cache cache="miss_or_stale" block="base" region=TW security_type=IND bytes=0
[pid:20264] 2026-09-22T06:35:49.287388Z  INFO shioaji::contracts_v2::traffic: contract backend response endpoint="contracts_base" region=TW security_type=IND bytes=4107
[pid:20264] 2026-09-22T06:35:49.318957Z  INFO shioaji::contracts_v2::traffic: contract disk cache cache="miss" block="info" region=TW security_type=IND bytes=0
[pid:20264] 2026-09-22T06:35:49.359078Z  INFO shioaji::contracts_v2::traffic: contract backend response endpoint="contracts_info" region=TW security_type=IND shard="" bytes=15211
[pid:16548] 2026-09-22T06:35:56.668316Z  INFO shioaji::api::api_v1::auth::token_login: Found cached token from slot 1, verifying...
[pid:16548] 2026-09-22T06:35:56.717537Z  INFO shioaji::api::api_v1::auth::token_login: Cached token is valid, using it
[pid:16548] 2026-09-22T06:35:56.725171Z  INFO shioaji::contracts_v2::traffic: contract backend response endpoint="contracts_version" regions=Some([TW]) security_types=Some([Index]) bytes=196
[pid:16548] 2026-09-22T06:35:56.744449Z  INFO shioaji::contracts_v2::traffic: contract disk cache cache="hit" block="base" region=TW security_type=IND bytes=1986
[pid:16548] 2026-09-22T06:35:56.767515Z  INFO shioaji::contracts_v2::traffic: contract disk cache cache="hit" block="info" region=TW security_type=IND bytes=6258
[pid:16548] 2026-09-22T06:35:56.969332Z  INFO shioaji::api::token_pool: Removed invalid token from slot 1
[pid:16548] 2026-09-22T06:35:56.972673Z  INFO shioaji::api: msg receiver error: Closed
[pid:16548] 2026-09-22T06:35:56.972691Z  INFO shioaji::api: P2P receiver closed: Closed
[pid:18420] 2026-09-22T06:37:50.622827Z  INFO shioaji::api::api_v1::auth::token_login: No cached token available, performing new login
[pid:18420] 2026-09-22T06:37:50.848919Z  INFO shioaji::api::api_v1::auth::token_login: Stored new token in slot 1
[pid:18420] 2026-09-22T06:37:50.867075Z  INFO shioaji::contracts_v2::traffic: contract backend response endpoint="contracts_version" regions=Some([TW]) security_types=Some([Stock]) bytes=198
[pid:18420] 2026-09-22T06:37:50.872821Z  INFO shioaji::contracts_v2::traffic: contract disk cache cache="hit" block="base" region=TW security_type=STK bytes=9333
[pid:18420] 2026-09-22T06:37:50.877911Z  INFO shioaji::contracts_v2::traffic: contract disk cache cache="hit" block="info" region=TW security_type=STK bytes=86629
[pid:18420] 2026-09-22T06:37:51.025335Z  INFO shioaji::contracts_v2::traffic: contract backend response endpoint="contracts_version" regions=Some([TW]) security_types=Some([Index]) bytes=196
[pid:18420] 2026-09-22T06:37:51.026286Z  INFO shioaji::contracts_v2::traffic: contract disk cache cache="hit" block="base" region=TW security_type=IND bytes=1986
[pid:18420] 2026-09-22T06:37:51.027670Z  INFO shioaji::contracts_v2::traffic: contract disk cache cache="hit" block="info" region=TW security_type=IND bytes=6258
[pid:18420] 2026-09-22T06:37:51.212606Z  INFO shioaji::api::token_pool: Removed invalid token from slot 1
[pid:18420] 2026-09-22T06:37:51.215799Z  INFO shioaji::api: msg receiver error: Closed
[pid:18420] 2026-09-22T06:37:51.215850Z  INFO shioaji::api: P2P receiver closed: Closed
[pid:16680] 2026-09-22T06:38:26.646480Z  INFO shioaji::api::api_v1::auth::token_login: No cached token available, performing new login
[pid:16680] 2026-09-22T06:38:27.570492Z  INFO shioaji::api::api_v1::auth::token_login: Stored new token in slot 1
[pid:16680] 2026-09-22T06:38:27.936464Z  INFO shioaji::contracts_v2::traffic: contract backend response endpoint="contracts_version" regions=Some([TW]) security_types=Some([Stock]) bytes=198
[pid:16680] 2026-09-22T06:38:27.949024Z  INFO shioaji::contracts_v2::traffic: contract disk cache cache="hit" block="base" region=TW security_type=STK bytes=9333
[pid:16680] 2026-09-22T06:38:27.964291Z  INFO shioaji::contracts_v2::traffic: contract disk cache cache="hit" block="info" region=TW security_type=STK bytes=86629
[pid:16680] 2026-09-22T06:48:24.908959Z  INFO shioaji::contracts_v2::traffic: contract backend response endpoint="contracts_version" regions=Some([TW]) security_types=Some([Index]) bytes=196
[pid:16680] 2026-09-22T06:48:24.913492Z  INFO shioaji::contracts_v2::traffic: contract disk cache cache="hit" block="base" region=TW security_type=IND bytes=1986
[pid:16680] 2026-09-22T06:48:24.920943Z  INFO shioaji::contracts_v2::traffic: contract disk cache cache="hit" block="info" region=TW security_type=IND bytes=6258
[pid:16680] 2026-09-22T06:48:45.398040Z  INFO shioaji::api::token_pool: Removed invalid token from slot 1
[pid:16680] 2026-09-22T06:48:45.400624Z  INFO shioaji::api: msg receiver error: Closed
[pid:16680] 2026-09-22T06:48:45.400641Z  INFO shioaji::api: P2P receiver closed: Closed
